// Jest Snapshot v1, https://goo.gl/fbAQLP

exports[`Footer renders correctly 1`] = `
<p
  className=""
>
  © Company. Все права защищены.
</p>
`;
